[2026-09-11T13:23:38.321Z] [INFO] Config resolved for mode: development
[2026-09-11T13:23:38.341Z] [INFO] Production build started
[2026-09-11T13:23:41.231Z] [INFO] Vite dev server started successfully
[2026-09-11T13:27:23.034Z] [INFO] Config resolved for mode: development
[2026-09-11T13:27:23.158Z] [INFO] Production build completed in 224815ms
[2026-09-11T13:27:23.161Z] [INFO] Vite dev server stopped
[2026-09-11T13:27:23.212Z] [INFO] Vite dev server stopped
[2026-09-11T13:27:27.903Z] [INFO] Vite dev server started successfully
[2026-09-11T13:27:27.912Z] [INFO] Production build started
[2026-09-11T13:28:14.863Z] [INFO] Config resolved for mode: development
[2026-09-11T13:28:14.886Z] [INFO] Production build completed in 46973ms
[2026-09-11T13:28:14.889Z] [INFO] Vite dev server stopped
[2026-09-11T13:28:14.896Z] [INFO] Vite dev server stopped
[2026-09-11T13:28:18.509Z] [INFO] Vite dev server started successfully
[2026-09-11T13:28:18.514Z] [INFO] Production build started
[2026-09-11T13:31:36.855Z] [INFO] Config resolved for mode: development
[2026-09-11T13:31:36.876Z] [INFO] Production build completed in 198362ms
[2026-09-11T13:31:36.878Z] [INFO] Vite dev server stopped
[2026-09-11T13:31:36.885Z] [INFO] Vite dev server stopped
[2026-09-11T13:31:39.942Z] [INFO] Vite dev server started successfully
[2026-09-11T13:31:39.948Z] [INFO] Production build started
[2026-09-11T13:37:51.277Z] [INFO] Config resolved for mode: development
[2026-09-11T13:37:51.303Z] [INFO] Production build started
[2026-09-11T13:37:54.242Z] [INFO] Vite dev server started successfully
[2026-09-11T13:38:26.767Z] [INFO] Config resolved for mode: development
[2026-09-11T13:38:26.788Z] [INFO] Production build started
[2026-09-11T13:38:30.070Z] [INFO] Vite dev server started successfully
[2026-09-11T13:45:03.544Z] [INFO] Config resolved for mode: development
[2026-09-11T13:45:03.565Z] [INFO] Production build started
[2026-09-11T13:45:06.473Z] [INFO] Vite dev server started successfully
[2026-09-11T14:30:48.549Z] [INFO] Config resolved for mode: development
[2026-09-11T14:30:48.600Z] [INFO] Production build completed in 2745035ms
[2026-09-11T14:30:48.602Z] [INFO] Vite dev server stopped
[2026-09-11T14:30:48.627Z] [INFO] Vite dev server stopped
[2026-09-11T14:31:04.198Z] [INFO] Vite dev server started successfully
[2026-09-11T14:31:04.209Z] [INFO] Production build started
[2026-09-11T15:02:43.631Z] [INFO] Config resolved for mode: development
[2026-09-11T15:02:43.650Z] [INFO] Production build started
[2026-09-11T15:02:46.594Z] [INFO] Vite dev server started successfully
[2026-09-11T15:46:45.304Z] [INFO] Config resolved for mode: development
[2026-09-11T15:46:45.322Z] [INFO] Production build started
[2026-09-11T15:46:54.562Z] [INFO] Vite dev server started successfully
[2026-09-11T16:30:54.208Z] [INFO] Config resolved for mode: development
[2026-09-11T16:30:54.230Z] [INFO] Production build started
[2026-09-11T16:31:15.373Z] [INFO] Vite dev server started successfully
[2026-09-11T16:31:48.997Z] [INFO] Config resolved for mode: development
[2026-09-11T16:31:49.018Z] [INFO] Production build started
[2026-09-11T16:31:57.445Z] [INFO] Vite dev server started successfully
[2026-09-12T00:29:44.768Z] [INFO] Config resolved for mode: development
[2026-09-12T00:29:44.789Z] [INFO] Production build started
[2026-09-12T00:29:48.292Z] [INFO] Vite dev server started successfully
[2026-09-12T00:55:37.413Z] [INFO] Config resolved for mode: development
[2026-09-12T00:55:37.452Z] [INFO] Production build completed in 1552663ms
[2026-09-12T00:55:37.453Z] [INFO] Vite dev server stopped
[2026-09-12T00:55:37.466Z] [INFO] Vite dev server stopped
[2026-09-12T00:55:37.471Z] [INFO] Production build started
[2026-09-12T00:55:39.911Z] [INFO] Vite dev server started successfully
[2026-09-12T01:00:27.536Z] [INFO] Production build completed in 290064ms
[2026-09-12T01:00:27.537Z] [INFO] Vite dev server stopped
[2026-09-12T01:00:27.546Z] [INFO] Vite dev server stopped
